
> cemaris-web@0.0.0 dev
> vite --host 127.0.0.1 --port 5173 --strictPort


  [32m[1mVITE[22m v8.2.1[39m  [2mready in [0m[1m574[22m[2m[0m ms[22m

  [32m➜[39m  [1mLocal[22m:   [36mhttp://127.0.0.1:[1m5173[22m/[39m
[2m[32m  ➜[39m[22m[2m  press [22m[1mh + enter[22m[2m to show help[22m
[2m11:55:36[22m [36m[1m[vite][22m[39m [90m[2m(client)[22m[39m [32mhmr update [39m[2m/src/pages/CaseEditPage.tsx[22m
[2m11:55:36[22m [36m[1m[vite][22m[39m [90m[2m(client)[22m[39m [32mhmr update [39m[2m/src/components/PersonUsageRightsPanel.tsx[22m
[2m11:57:25[22m [36m[1m[vite][22m[39m [90m[2m(client)[22m[39m [32mhmr update [39m[2m/src/App.css[22m
[2m11:58:20[22m [36m[1m[vite][22m[39m [90m[2m(client)[22m[39m [32mhmr update [39m[2m/src/pages/UsageRightStartRulesPage.tsx[22m
[2m11:58:20[22m [36m[1m[vite][22m[39m [90m[2m(client)[22m[39m [32mhmr update [39m[2m/src/App.css[22m
[2m11:59:54[22m [36m[1m[vite][22m[39m [90m[2m(client)[22m[39m [32mhmr update [39m[2m/src/components/PersonUsageRightsPanel.tsx[22m
[2m12:00:04[22m [36m[1m[vite][22m[39m [90m[2m(client)[22m[39m [32mhmr update [39m[2m/src/components/PersonUsageRightsPanel.tsx[22m
[2m12:04:17[22m [36m[1m[vite][22m[39m [90m[2m(client)[22m[39m [32mhmr update [39m[2m/src/layouts/AppLayout.tsx[22m
[2m12:04:17[22m [36m[1m[vite][22m[39m [90m[2m(client)[22m[39m [32mhmr update [39m[2m/src/pages/SearchPage.tsx[22m
[2m12:04:17[22m [36m[1m[vite][22m[39m [90m[2m(client)[22m[39m [32mhmr update [39m[2m/src/pages/NewCasePage.tsx[22m
[2m12:04:17[22m [36m[1m[vite][22m[39m [90m[2m(client)[22m[39m [32mhmr update [39m[2m/src/pages/CaseEditPage.tsx[22m
[2m12:04:17[22m [36m[1m[vite][22m[39m [90m[2m(client)[22m[39m [32mhmr update [39m[2m/src/pages/CemeteryMasterDataPage.tsx[22m
[2m12:04:17[22m [36m[1m[vite][22m[39m [90m[2m(client)[22m[39m [32mhmr update [39m[2m/src/pages/PasswordPage.tsx[22m
[2m12:04:17[22m [36m[1m[vite][22m[39m [90m[2m(client)[22m[39m [32mhmr update [39m[2m/src/pages/UserAdministrationPage.tsx[22m
[2m12:04:39[22m [36m[1m[vite][22m[39m [90m[2m(client)[22m[39m [32mhmr update [39m[2m/src/pages/LoginPage.tsx[22m
[2m12:04:39[22m [36m[1m[vite][22m[39m [90m[2m(client)[22m[39m [32mhmr update [39m[2m/src/pages/SearchPage.tsx[22m
[2m12:04:39[22m [36m[1m[vite][22m[39m [90m[2m(client)[22m[39m [32mhmr update [39m[2m/src/pages/CaseDetailsPage.tsx[22m
[2m12:07:05[22m [36m[1m[vite][22m[39m [90m[2m(client)[22m[39m [32mhmr update [39m[2m/src/App.css[22m
[2m12:07:21[22m [36m[1m[vite][22m[39m [90m[2m(client)[22m[39m [32mhmr update [39m[2m/src/App.css[22m
[2m12:08:17[22m [36m[1m[vite][22m[39m [90m[2m(client)[22m[39m [32mhmr update [39m[2m/src/layouts/AppLayout.tsx[22m
[2m12:12:27[22m [36m[1m[vite][22m[39m [90m[2m(client)[22m[39m [32mhmr update [39m[2m/src/layouts/AppLayout.tsx[22m
[2m12:13:25[22m [36m[1m[vite][22m[39m [90m[2m(client)[22m[39m [32mhmr update [39m[2m/src/App.css[22m
[2m12:14:21[22m [36m[1m[vite][22m[39m [90m[2m(client)[22m[39m [32mhmr update [39m[2m/src/App.css[22m
[2m12:24:37[22m [36m[1m[vite][22m[39m [90m[2m(client)[22m[39m [32mhmr update [39m[2m/src/auth/AuthContext.tsx, /src/App.tsx, /src/pages/SearchPage.tsx, /src/pages/CaseEditPage.tsx, /src/pages/NewCasePage.tsx, /src/pages/CemeteryMasterDataPage.tsx, /src/pages/UserAdministrationPage.tsx, /src/pages/UsageRightStartRulesPage.tsx, /src/pages/CaseDetailsPage.tsx, /src/pages/PasswordPage.tsx, /src/components/PersonUsageRightsPanel.tsx, /src/features/system/SystemStatusCard.tsx[22m
[2m12:24:37[22m [36m[1m[vite][22m[39m [90m[2m(client)[22m[39m [32mhmr update [39m[2m/src/pages/SearchPage.tsx[22m
[2m12:25:16[22m [36m[1m[vite][22m[39m [90m[2m(client)[22m[39m [32mhmr update [39m[2m/src/App.css[22m
