.NET SDK:
 Version:           10.0.302
 Commit:            35b593bebf
 Workload version:  10.0.300-manifests.1641d827
 MSBuild version:   18.6.11+35b593beb

Laufzeitumgebung:
 OS Name:     Windows
 OS Version:  10.0.26200
 OS Platform: Windows
 RID:         win-x64
 Base Path:   C:\Users\Benke\AppData\Local\Cemaris\dotnet-10.0.302-complete\sdk\10.0.302\

Installierte .NET-Workloads:
Es sind keine installierten Workloads zum Anzeigen vorhanden.
Für die Verwendung von workload sets bei der Installation neuer Manifeste konfiguriert.
Es sind keine Workloadsätze installiert. Führen Sie „dotnet workload restore“ aus, um einen Workloadsatz zu installieren.

Host:
  Version:      10.0.10
  Architecture: x64
  Commit:       f7d90799ce

.NET SDKs installed:
  10.0.302 [C:\Users\Benke\AppData\Local\Cemaris\dotnet-10.0.302-complete\sdk]

.NET runtimes installed:
  Microsoft.AspNetCore.App 10.0.10 [C:\Users\Benke\AppData\Local\Cemaris\dotnet-10.0.302-complete\shared\Microsoft.AspNetCore.App]
  Microsoft.NETCore.App 10.0.10 [C:\Users\Benke\AppData\Local\Cemaris\dotnet-10.0.302-complete\shared\Microsoft.NETCore.App]
  Microsoft.WindowsDesktop.App 10.0.10 [C:\Users\Benke\AppData\Local\Cemaris\dotnet-10.0.302-complete\shared\Microsoft.WindowsDesktop.App]

Other architectures found:
  None

Environment variables:
  Not set

global.json file:
  C:\Users\Benke\Documents\Friedhofsverwaltung\Cemaris\global.json

Learn more:
  https://aka.ms/dotnet/info

Download .NET:
  https://aka.ms/dotnet/download
